[2023-01-27T09:05:04.694-0300][gc] Using G1
[2023-01-27T09:05:04.696-0300][gc,init] Version: 17.0.4.1+9-LTS (release)
[2023-01-27T09:05:04.696-0300][gc,init] CPUs: 8 total, 8 available
[2023-01-27T09:05:04.696-0300][gc,init] Memory: 16384M
[2023-01-27T09:05:04.696-0300][gc,init] Large Page Support: Disabled
[2023-01-27T09:05:04.696-0300][gc,init] NUMA Support: Disabled
[2023-01-27T09:05:04.696-0300][gc,init] Compressed Oops: Enabled (Zero based)
[2023-01-27T09:05:04.696-0300][gc,init] Heap Region Size: 1M
[2023-01-27T09:05:04.696-0300][gc,init] Heap Min Capacity: 1G
[2023-01-27T09:05:04.696-0300][gc,init] Heap Initial Capacity: 1G
[2023-01-27T09:05:04.696-0300][gc,init] Heap Max Capacity: 1G
[2023-01-27T09:05:04.696-0300][gc,init] Pre-touch: Disabled
[2023-01-27T09:05:04.696-0300][gc,init] Parallel Workers: 8
[2023-01-27T09:05:04.696-0300][gc,init] Concurrent Workers: 2
[2023-01-27T09:05:04.696-0300][gc,init] Concurrent Refinement Workers: 8
[2023-01-27T09:05:04.696-0300][gc,init] Periodic GC: Disabled
[2023-01-27T09:05:04.696-0300][gc,metaspace] CDS archive(s) mapped at: [0x0000000800000000-0x0000000800bd8000-0x0000000800bd8000), size 12419072, SharedBaseAddress: 0x0000000800000000, ArchiveRelocationMode: 0.
[2023-01-27T09:05:04.696-0300][gc,metaspace] Compressed class space mapped at: 0x0000000800c00000-0x0000000840c00000, reserved size: 1073741824
[2023-01-27T09:05:04.696-0300][gc,metaspace] Narrow klass base: 0x0000000800000000, Narrow klass shift: 0, Narrow klass range: 0x100000000
[2023-01-27T09:05:05.318-0300][gc,start    ] GC(0) Pause Young (Normal) (G1 Evacuation Pause)
[2023-01-27T09:05:05.318-0300][gc,task     ] GC(0) Using 8 workers of 8 for evacuation
[2023-01-27T09:05:05.321-0300][gc,phases   ] GC(0)   Pre Evacuate Collection Set: 0.1ms
[2023-01-27T09:05:05.321-0300][gc,phases   ] GC(0)   Merge Heap Roots: 0.0ms
[2023-01-27T09:05:05.321-0300][gc,phases   ] GC(0)   Evacuate Collection Set: 2.3ms
[2023-01-27T09:05:05.321-0300][gc,phases   ] GC(0)   Post Evacuate Collection Set: 0.2ms
[2023-01-27T09:05:05.321-0300][gc,phases   ] GC(0)   Other: 0.2ms
[2023-01-27T09:05:05.321-0300][gc,heap     ] GC(0) Eden regions: 51->0(44)
[2023-01-27T09:05:05.321-0300][gc,heap     ] GC(0) Survivor regions: 0->7(7)
[2023-01-27T09:05:05.321-0300][gc,heap     ] GC(0) Old regions: 0->1
[2023-01-27T09:05:05.321-0300][gc,heap     ] GC(0) Archive regions: 2->2
[2023-01-27T09:05:05.321-0300][gc,heap     ] GC(0) Humongous regions: 0->0
[2023-01-27T09:05:05.321-0300][gc,metaspace] GC(0) Metaspace: 18650K(18880K)->18650K(18880K) NonClass: 16365K(16512K)->16365K(16512K) Class: 2285K(2368K)->2285K(2368K)
[2023-01-27T09:05:05.321-0300][gc          ] GC(0) Pause Young (Normal) (G1 Evacuation Pause) 51M->8M(1024M) 3.009ms
[2023-01-27T09:05:05.321-0300][gc,cpu      ] GC(0) User=0.01s Sys=0.00s Real=0.01s
[2023-01-27T09:05:05.438-0300][gc,start    ] GC(1) Pause Young (Concurrent Start) (Metadata GC Threshold)
[2023-01-27T09:05:05.438-0300][gc,task     ] GC(1) Using 8 workers of 8 for evacuation
[2023-01-27T09:05:05.442-0300][gc,phases   ] GC(1)   Pre Evacuate Collection Set: 0.1ms
[2023-01-27T09:05:05.442-0300][gc,phases   ] GC(1)   Merge Heap Roots: 0.0ms
[2023-01-27T09:05:05.442-0300][gc,phases   ] GC(1)   Evacuate Collection Set: 3.1ms
[2023-01-27T09:05:05.442-0300][gc,phases   ] GC(1)   Post Evacuate Collection Set: 0.2ms
[2023-01-27T09:05:05.442-0300][gc,phases   ] GC(1)   Other: 0.1ms
[2023-01-27T09:05:05.442-0300][gc,heap     ] GC(1) Eden regions: 12->0(49)
[2023-01-27T09:05:05.442-0300][gc,heap     ] GC(1) Survivor regions: 7->2(7)
[2023-01-27T09:05:05.442-0300][gc,heap     ] GC(1) Old regions: 1->8
[2023-01-27T09:05:05.442-0300][gc,heap     ] GC(1) Archive regions: 2->2
[2023-01-27T09:05:05.442-0300][gc,heap     ] GC(1) Humongous regions: 129->129
[2023-01-27T09:05:05.442-0300][gc,metaspace] GC(1) Metaspace: 21283K(21504K)->21283K(21504K) NonClass: 18676K(18752K)->18676K(18752K) Class: 2606K(2752K)->2606K(2752K)
[2023-01-27T09:05:05.442-0300][gc          ] GC(1) Pause Young (Concurrent Start) (Metadata GC Threshold) 149M->138M(1024M) 3.632ms
[2023-01-27T09:05:05.442-0300][gc,cpu      ] GC(1) User=0.02s Sys=0.01s Real=0.01s
[2023-01-27T09:05:05.442-0300][gc          ] GC(2) Concurrent Mark Cycle
[2023-01-27T09:05:05.442-0300][gc,marking  ] GC(2) Concurrent Clear Claimed Marks
[2023-01-27T09:05:05.442-0300][gc,marking  ] GC(2) Concurrent Clear Claimed Marks 0.008ms
[2023-01-27T09:05:05.442-0300][gc,marking  ] GC(2) Concurrent Scan Root Regions
[2023-01-27T09:05:05.443-0300][gc,marking  ] GC(2) Concurrent Scan Root Regions 1.283ms
[2023-01-27T09:05:05.443-0300][gc,marking  ] GC(2) Concurrent Mark
[2023-01-27T09:05:05.443-0300][gc,marking  ] GC(2) Concurrent Mark From Roots
[2023-01-27T09:05:05.443-0300][gc,task     ] GC(2) Using 2 workers of 2 for marking
[2023-01-27T09:05:05.444-0300][gc,marking  ] GC(2) Concurrent Mark From Roots 1.128ms
[2023-01-27T09:05:05.444-0300][gc,marking  ] GC(2) Concurrent Preclean
[2023-01-27T09:05:05.444-0300][gc,marking  ] GC(2) Concurrent Preclean 0.011ms
[2023-01-27T09:05:05.444-0300][gc,start    ] GC(2) Pause Remark
[2023-01-27T09:05:05.445-0300][gc          ] GC(2) Pause Remark 139M->139M(1024M) 0.858ms
[2023-01-27T09:05:05.445-0300][gc,cpu      ] GC(2) User=0.01s Sys=0.00s Real=0.00s
[2023-01-27T09:05:05.445-0300][gc,marking  ] GC(2) Concurrent Mark 2.145ms
[2023-01-27T09:05:05.445-0300][gc,marking  ] GC(2) Concurrent Rebuild Remembered Sets
[2023-01-27T09:05:05.447-0300][gc,marking  ] GC(2) Concurrent Rebuild Remembered Sets 1.455ms
[2023-01-27T09:05:05.447-0300][gc,start    ] GC(2) Pause Cleanup
[2023-01-27T09:05:05.447-0300][gc          ] GC(2) Pause Cleanup 139M->139M(1024M) 0.069ms
[2023-01-27T09:05:05.447-0300][gc,cpu      ] GC(2) User=0.00s Sys=0.00s Real=0.00s
[2023-01-27T09:05:05.447-0300][gc,marking  ] GC(2) Concurrent Cleanup for Next Mark
[2023-01-27T09:05:05.448-0300][gc,marking  ] GC(2) Concurrent Cleanup for Next Mark 1.231ms
[2023-01-27T09:05:05.448-0300][gc          ] GC(2) Concurrent Mark Cycle 6.343ms
[2023-01-27T09:05:05.718-0300][gc,start    ] GC(3) Pause Young (Normal) (G1 Evacuation Pause)
[2023-01-27T09:05:05.718-0300][gc,task     ] GC(3) Using 8 workers of 8 for evacuation
[2023-01-27T09:05:05.720-0300][gc,phases   ] GC(3)   Pre Evacuate Collection Set: 0.2ms
[2023-01-27T09:05:05.720-0300][gc,phases   ] GC(3)   Merge Heap Roots: 0.0ms
[2023-01-27T09:05:05.720-0300][gc,phases   ] GC(3)   Evacuate Collection Set: 2.0ms
[2023-01-27T09:05:05.720-0300][gc,phases   ] GC(3)   Post Evacuate Collection Set: 0.2ms
[2023-01-27T09:05:05.720-0300][gc,phases   ] GC(3)   Other: 0.1ms
[2023-01-27T09:05:05.720-0300][gc,heap     ] GC(3) Eden regions: 49->0(45)
[2023-01-27T09:05:05.720-0300][gc,heap     ] GC(3) Survivor regions: 2->6(7)
[2023-01-27T09:05:05.720-0300][gc,heap     ] GC(3) Old regions: 8->8
[2023-01-27T09:05:05.720-0300][gc,heap     ] GC(3) Archive regions: 2->2
[2023-01-27T09:05:05.720-0300][gc,heap     ] GC(3) Humongous regions: 129->129
[2023-01-27T09:05:05.720-0300][gc,metaspace] GC(3) Metaspace: 32543K(32832K)->32543K(32832K) NonClass: 28826K(28992K)->28826K(28992K) Class: 3716K(3840K)->3716K(3840K)
[2023-01-27T09:05:05.720-0300][gc          ] GC(3) Pause Young (Normal) (G1 Evacuation Pause) 187M->142M(1024M) 2.517ms
[2023-01-27T09:05:05.720-0300][gc,cpu      ] GC(3) User=0.01s Sys=0.00s Real=0.01s
[2023-01-27T09:09:16.764-0300][gc,start    ] GC(4) Pause Young (Concurrent Start) (Metadata GC Threshold)
[2023-01-27T09:09:16.764-0300][gc,task     ] GC(4) Using 8 workers of 8 for evacuation
[2023-01-27T09:09:16.767-0300][gc,phases   ] GC(4)   Pre Evacuate Collection Set: 0.1ms
[2023-01-27T09:09:16.767-0300][gc,phases   ] GC(4)   Merge Heap Roots: 0.0ms
[2023-01-27T09:09:16.767-0300][gc,phases   ] GC(4)   Evacuate Collection Set: 2.2ms
[2023-01-27T09:09:16.767-0300][gc,phases   ] GC(4)   Post Evacuate Collection Set: 0.2ms
[2023-01-27T09:09:16.767-0300][gc,phases   ] GC(4)   Other: 0.3ms
[2023-01-27T09:09:16.767-0300][gc,heap     ] GC(4) Eden regions: 18->0(49)
[2023-01-27T09:09:16.767-0300][gc,heap     ] GC(4) Survivor regions: 6->2(7)
[2023-01-27T09:09:16.767-0300][gc,heap     ] GC(4) Old regions: 8->13
[2023-01-27T09:09:16.767-0300][gc,heap     ] GC(4) Archive regions: 2->2
[2023-01-27T09:09:16.767-0300][gc,heap     ] GC(4) Humongous regions: 129->129
[2023-01-27T09:09:16.767-0300][gc,metaspace] GC(4) Metaspace: 35760K(36096K)->35760K(36096K) NonClass: 31510K(31680K)->31510K(31680K) Class: 4250K(4416K)->4250K(4416K)
[2023-01-27T09:09:16.767-0300][gc          ] GC(4) Pause Young (Concurrent Start) (Metadata GC Threshold) 160M->143M(1024M) 2.828ms
[2023-01-27T09:09:16.767-0300][gc,cpu      ] GC(4) User=0.01s Sys=0.00s Real=0.00s
[2023-01-27T09:09:16.767-0300][gc          ] GC(5) Concurrent Mark Cycle
[2023-01-27T09:09:16.767-0300][gc,marking  ] GC(5) Concurrent Clear Claimed Marks
[2023-01-27T09:09:16.767-0300][gc,marking  ] GC(5) Concurrent Clear Claimed Marks 0.009ms
[2023-01-27T09:09:16.767-0300][gc,marking  ] GC(5) Concurrent Scan Root Regions
[2023-01-27T09:09:16.769-0300][gc,marking  ] GC(5) Concurrent Scan Root Regions 1.803ms
[2023-01-27T09:09:16.769-0300][gc,marking  ] GC(5) Concurrent Mark
[2023-01-27T09:09:16.769-0300][gc,marking  ] GC(5) Concurrent Mark From Roots
[2023-01-27T09:09:16.769-0300][gc,task     ] GC(5) Using 2 workers of 2 for marking
[2023-01-27T09:09:16.772-0300][gc,marking  ] GC(5) Concurrent Mark From Roots 2.746ms
[2023-01-27T09:09:16.772-0300][gc,marking  ] GC(5) Concurrent Preclean
[2023-01-27T09:09:16.772-0300][gc,marking  ] GC(5) Concurrent Preclean 0.054ms
[2023-01-27T09:09:16.772-0300][gc,start    ] GC(5) Pause Remark
[2023-01-27T09:09:16.773-0300][gc          ] GC(5) Pause Remark 144M->144M(1024M) 0.869ms
[2023-01-27T09:09:16.773-0300][gc,cpu      ] GC(5) User=0.00s Sys=0.00s Real=0.00s
[2023-01-27T09:09:16.773-0300][gc,marking  ] GC(5) Concurrent Mark 3.866ms
[2023-01-27T09:09:16.773-0300][gc,marking  ] GC(5) Concurrent Rebuild Remembered Sets
[2023-01-27T09:09:16.776-0300][gc,marking  ] GC(5) Concurrent Rebuild Remembered Sets 2.736ms
[2023-01-27T09:09:16.776-0300][gc,start    ] GC(5) Pause Cleanup
[2023-01-27T09:09:16.776-0300][gc          ] GC(5) Pause Cleanup 144M->144M(1024M) 0.142ms
[2023-01-27T09:09:16.776-0300][gc,cpu      ] GC(5) User=0.00s Sys=0.00s Real=0.00s
[2023-01-27T09:09:16.776-0300][gc,marking  ] GC(5) Concurrent Cleanup for Next Mark
[2023-01-27T09:09:16.777-0300][gc,marking  ] GC(5) Concurrent Cleanup for Next Mark 1.570ms
[2023-01-27T09:09:16.778-0300][gc          ] GC(5) Concurrent Mark Cycle 10.377ms
[2023-01-27T09:13:47.473-0300][gc,start    ] GC(6) Pause Young (Normal) (G1 Evacuation Pause)
[2023-01-27T09:13:47.475-0300][gc,task     ] GC(6) Using 8 workers of 8 for evacuation
[2023-01-27T09:13:47.493-0300][gc,phases   ] GC(6)   Pre Evacuate Collection Set: 0.6ms
[2023-01-27T09:13:47.493-0300][gc,phases   ] GC(6)   Merge Heap Roots: 0.3ms
[2023-01-27T09:13:47.493-0300][gc,phases   ] GC(6)   Evacuate Collection Set: 16.2ms
[2023-01-27T09:13:47.493-0300][gc,phases   ] GC(6)   Post Evacuate Collection Set: 0.5ms
[2023-01-27T09:13:47.493-0300][gc,phases   ] GC(6)   Other: 2.0ms
[2023-01-27T09:13:47.493-0300][gc,heap     ] GC(6) Eden regions: 49->0(46)
[2023-01-27T09:13:47.493-0300][gc,heap     ] GC(6) Survivor regions: 2->5(7)
[2023-01-27T09:13:47.493-0300][gc,heap     ] GC(6) Old regions: 13->13
[2023-01-27T09:13:47.493-0300][gc,heap     ] GC(6) Archive regions: 2->2
[2023-01-27T09:13:47.493-0300][gc,heap     ] GC(6) Humongous regions: 129->129
[2023-01-27T09:13:47.493-0300][gc,metaspace] GC(6) Metaspace: 40849K(41408K)->40849K(41408K) NonClass: 35911K(36224K)->35911K(36224K) Class: 4938K(5184K)->4938K(5184K)
[2023-01-27T09:13:47.493-0300][gc          ] GC(6) Pause Young (Normal) (G1 Evacuation Pause) 192M->146M(1024M) 19.679ms
[2023-01-27T09:13:47.493-0300][gc,cpu      ] GC(6) User=0.03s Sys=0.00s Real=0.02s
[2023-01-27T09:36:56.742-0300][gc,start    ] GC(7) Pause Young (Normal) (G1 Evacuation Pause)
[2023-01-27T09:36:56.744-0300][gc,task     ] GC(7) Using 8 workers of 8 for evacuation
[2023-01-27T09:36:56.764-0300][gc,mmu      ] GC(7) MMU target violated: 20.2ms (20.0ms/21.0ms)
[2023-01-27T09:36:56.764-0300][gc,phases   ] GC(7)   Pre Evacuate Collection Set: 0.6ms
[2023-01-27T09:36:56.764-0300][gc,phases   ] GC(7)   Merge Heap Roots: 0.2ms
[2023-01-27T09:36:56.764-0300][gc,phases   ] GC(7)   Evacuate Collection Set: 18.9ms
[2023-01-27T09:36:56.764-0300][gc,phases   ] GC(7)   Post Evacuate Collection Set: 0.5ms
[2023-01-27T09:36:56.764-0300][gc,phases   ] GC(7)   Other: 1.8ms
[2023-01-27T09:36:56.764-0300][gc,heap     ] GC(7) Eden regions: 46->0(46)
[2023-01-27T09:36:56.764-0300][gc,heap     ] GC(7) Survivor regions: 5->5(7)
[2023-01-27T09:36:56.764-0300][gc,heap     ] GC(7) Old regions: 13->14
[2023-01-27T09:36:56.764-0300][gc,heap     ] GC(7) Archive regions: 2->2
[2023-01-27T09:36:56.764-0300][gc,heap     ] GC(7) Humongous regions: 129->129
[2023-01-27T09:36:56.764-0300][gc,metaspace] GC(7) Metaspace: 41243K(41856K)->41243K(41856K) NonClass: 36261K(36608K)->36261K(36608K) Class: 4981K(5248K)->4981K(5248K)
[2023-01-27T09:36:56.764-0300][gc          ] GC(7) Pause Young (Normal) (G1 Evacuation Pause) 192M->147M(1024M) 22.041ms
[2023-01-27T09:36:56.764-0300][gc,cpu      ] GC(7) User=0.03s Sys=0.00s Real=0.02s
[2023-01-27T09:55:41.701-0300][gc,start    ] GC(8) Pause Young (Normal) (G1 Evacuation Pause)
[2023-01-27T09:55:41.703-0300][gc,task     ] GC(8) Using 8 workers of 8 for evacuation
[2023-01-27T09:55:41.720-0300][gc,phases   ] GC(8)   Pre Evacuate Collection Set: 0.3ms
[2023-01-27T09:55:41.720-0300][gc,phases   ] GC(8)   Merge Heap Roots: 0.1ms
[2023-01-27T09:55:41.720-0300][gc,phases   ] GC(8)   Evacuate Collection Set: 16.1ms
[2023-01-27T09:55:41.720-0300][gc,phases   ] GC(8)   Post Evacuate Collection Set: 0.7ms
[2023-01-27T09:55:41.720-0300][gc,phases   ] GC(8)   Other: 1.6ms
[2023-01-27T09:55:41.720-0300][gc,heap     ] GC(8) Eden regions: 46->0(48)
[2023-01-27T09:55:41.720-0300][gc,heap     ] GC(8) Survivor regions: 5->3(7)
[2023-01-27T09:55:41.720-0300][gc,heap     ] GC(8) Old regions: 14->16
[2023-01-27T09:55:41.720-0300][gc,heap     ] GC(8) Archive regions: 2->2
[2023-01-27T09:55:41.720-0300][gc,heap     ] GC(8) Humongous regions: 129->129
[2023-01-27T09:55:41.720-0300][gc,metaspace] GC(8) Metaspace: 41469K(42112K)->41469K(42112K) NonClass: 36480K(36864K)->36480K(36864K) Class: 4989K(5248K)->4989K(5248K)
[2023-01-27T09:55:41.720-0300][gc          ] GC(8) Pause Young (Normal) (G1 Evacuation Pause) 193M->148M(1024M) 18.906ms
[2023-01-27T09:55:41.720-0300][gc,cpu      ] GC(8) User=0.03s Sys=0.01s Real=0.02s
[2023-01-27T10:13:21.683-0300][gc,start    ] GC(9) Pause Young (Normal) (G1 Evacuation Pause)
[2023-01-27T10:13:21.684-0300][gc,task     ] GC(9) Using 8 workers of 8 for evacuation
[2023-01-27T10:13:21.698-0300][gc,phases   ] GC(9)   Pre Evacuate Collection Set: 0.3ms
[2023-01-27T10:13:21.698-0300][gc,phases   ] GC(9)   Merge Heap Roots: 0.1ms
[2023-01-27T10:13:21.698-0300][gc,phases   ] GC(9)   Evacuate Collection Set: 12.3ms
[2023-01-27T10:13:21.698-0300][gc,phases   ] GC(9)   Post Evacuate Collection Set: 0.8ms
[2023-01-27T10:13:21.698-0300][gc,phases   ] GC(9)   Other: 0.8ms
[2023-01-27T10:13:21.698-0300][gc,heap     ] GC(9) Eden regions: 48->0(67)
[2023-01-27T10:13:21.698-0300][gc,heap     ] GC(9) Survivor regions: 3->3(7)
[2023-01-27T10:13:21.698-0300][gc,heap     ] GC(9) Old regions: 16->16
[2023-01-27T10:13:21.698-0300][gc,heap     ] GC(9) Archive regions: 2->2
[2023-01-27T10:13:21.698-0300][gc,heap     ] GC(9) Humongous regions: 129->129
[2023-01-27T10:13:21.698-0300][gc,metaspace] GC(9) Metaspace: 41662K(42304K)->41662K(42304K) NonClass: 36664K(37056K)->36664K(37056K) Class: 4997K(5248K)->4997K(5248K)
[2023-01-27T10:13:21.698-0300][gc          ] GC(9) Pause Young (Normal) (G1 Evacuation Pause) 196M->148M(1024M) 14.669ms
[2023-01-27T10:13:21.698-0300][gc,cpu      ] GC(9) User=0.02s Sys=0.00s Real=0.01s
[2023-01-27T10:37:31.791-0300][gc,start    ] GC(10) Pause Young (Normal) (G1 Evacuation Pause)
[2023-01-27T10:37:31.792-0300][gc,task     ] GC(10) Using 8 workers of 8 for evacuation
[2023-01-27T10:37:31.803-0300][gc,phases   ] GC(10)   Pre Evacuate Collection Set: 0.2ms
[2023-01-27T10:37:31.803-0300][gc,phases   ] GC(10)   Merge Heap Roots: 0.1ms
[2023-01-27T10:37:31.803-0300][gc,phases   ] GC(10)   Evacuate Collection Set: 9.9ms
[2023-01-27T10:37:31.803-0300][gc,phases   ] GC(10)   Post Evacuate Collection Set: 0.7ms
[2023-01-27T10:37:31.803-0300][gc,phases   ] GC(10)   Other: 1.1ms
[2023-01-27T10:37:31.803-0300][gc,heap     ] GC(10) Eden regions: 67->0(127)
[2023-01-27T10:37:31.803-0300][gc,heap     ] GC(10) Survivor regions: 3->4(9)
[2023-01-27T10:37:31.803-0300][gc,heap     ] GC(10) Old regions: 16->16
[2023-01-27T10:37:31.803-0300][gc,heap     ] GC(10) Archive regions: 2->2
[2023-01-27T10:37:31.803-0300][gc,heap     ] GC(10) Humongous regions: 129->129
[2023-01-27T10:37:31.803-0300][gc,metaspace] GC(10) Metaspace: 41692K(42304K)->41692K(42304K) NonClass: 36694K(37056K)->36694K(37056K) Class: 4997K(5248K)->4997K(5248K)
[2023-01-27T10:37:31.803-0300][gc          ] GC(10) Pause Young (Normal) (G1 Evacuation Pause) 215M->149M(1024M) 12.046ms
[2023-01-27T10:37:31.803-0300][gc,cpu      ] GC(10) User=0.01s Sys=0.00s Real=0.01s
[2023-01-27T12:18:01.841-0300][gc,start    ] GC(11) Pause Young (Normal) (G1 Evacuation Pause)
[2023-01-27T12:18:01.843-0300][gc,task     ] GC(11) Using 8 workers of 8 for evacuation
[2023-01-27T12:18:01.859-0300][gc,phases   ] GC(11)   Pre Evacuate Collection Set: 0.9ms
[2023-01-27T12:18:01.859-0300][gc,phases   ] GC(11)   Merge Heap Roots: 0.3ms
[2023-01-27T12:18:01.859-0300][gc,phases   ] GC(11)   Evacuate Collection Set: 14.0ms
[2023-01-27T12:18:01.859-0300][gc,phases   ] GC(11)   Post Evacuate Collection Set: 0.7ms
[2023-01-27T12:18:01.859-0300][gc,phases   ] GC(11)   Other: 2.0ms
[2023-01-27T12:18:01.859-0300][gc,heap     ] GC(11) Eden regions: 127->0(564)
[2023-01-27T12:18:01.859-0300][gc,heap     ] GC(11) Survivor regions: 4->4(17)
[2023-01-27T12:18:01.859-0300][gc,heap     ] GC(11) Old regions: 16->16
[2023-01-27T12:18:01.859-0300][gc,heap     ] GC(11) Archive regions: 2->2
[2023-01-27T12:18:01.859-0300][gc,heap     ] GC(11) Humongous regions: 129->129
[2023-01-27T12:18:01.859-0300][gc,metaspace] GC(11) Metaspace: 41750K(42304K)->41750K(42304K) NonClass: 36752K(37056K)->36752K(37056K) Class: 4997K(5248K)->4997K(5248K)
[2023-01-27T12:18:01.859-0300][gc          ] GC(11) Pause Young (Normal) (G1 Evacuation Pause) 276M->149M(1024M) 17.739ms
[2023-01-27T12:18:01.859-0300][gc,cpu      ] GC(11) User=0.02s Sys=0.02s Real=0.01s
[2023-01-27T13:29:37.338-0300][gc,heap,exit] Heap
[2023-01-27T13:29:37.339-0300][gc,heap,exit]  garbage-first heap   total 1048576K, used 259736K [0x00000007c0000000, 0x0000000800000000)
[2023-01-27T13:29:37.339-0300][gc,heap,exit]   region size 1024K, 109 young (111616K), 4 survivors (4096K)
[2023-01-27T13:29:37.339-0300][gc,heap,exit]  Metaspace       used 42460K, committed 43072K, reserved 1089536K
[2023-01-27T13:29:37.339-0300][gc,heap,exit]   class space    used 5163K, committed 5440K, reserved 1048576K
