[2023-01-26T17:07:48.510-0300][gc] Using G1
[2023-01-26T17:07:48.512-0300][gc,init] Version: 17.0.4.1+9-LTS (release)
[2023-01-26T17:07:48.512-0300][gc,init] CPUs: 8 total, 8 available
[2023-01-26T17:07:48.512-0300][gc,init] Memory: 16384M
[2023-01-26T17:07:48.512-0300][gc,init] Large Page Support: Disabled
[2023-01-26T17:07:48.512-0300][gc,init] NUMA Support: Disabled
[2023-01-26T17:07:48.512-0300][gc,init] Compressed Oops: Enabled (Zero based)
[2023-01-26T17:07:48.512-0300][gc,init] Heap Region Size: 1M
[2023-01-26T17:07:48.512-0300][gc,init] Heap Min Capacity: 1G
[2023-01-26T17:07:48.512-0300][gc,init] Heap Initial Capacity: 1G
[2023-01-26T17:07:48.512-0300][gc,init] Heap Max Capacity: 1G
[2023-01-26T17:07:48.512-0300][gc,init] Pre-touch: Disabled
[2023-01-26T17:07:48.512-0300][gc,init] Parallel Workers: 8
[2023-01-26T17:07:48.512-0300][gc,init] Concurrent Workers: 2
[2023-01-26T17:07:48.512-0300][gc,init] Concurrent Refinement Workers: 8
[2023-01-26T17:07:48.512-0300][gc,init] Periodic GC: Disabled
[2023-01-26T17:07:48.512-0300][gc,metaspace] CDS archive(s) mapped at: [0x0000000800000000-0x0000000800bd8000-0x0000000800bd8000), size 12419072, SharedBaseAddress: 0x0000000800000000, ArchiveRelocationMode: 0.
[2023-01-26T17:07:48.512-0300][gc,metaspace] Compressed class space mapped at: 0x0000000800c00000-0x0000000840c00000, reserved size: 1073741824
[2023-01-26T17:07:48.512-0300][gc,metaspace] Narrow klass base: 0x0000000800000000, Narrow klass shift: 0, Narrow klass range: 0x100000000
[2023-01-26T17:07:49.050-0300][gc,start    ] GC(0) Pause Young (Normal) (G1 Evacuation Pause)
[2023-01-26T17:07:49.050-0300][gc,task     ] GC(0) Using 8 workers of 8 for evacuation
[2023-01-26T17:07:49.052-0300][gc,phases   ] GC(0)   Pre Evacuate Collection Set: 0.1ms
[2023-01-26T17:07:49.052-0300][gc,phases   ] GC(0)   Merge Heap Roots: 0.0ms
[2023-01-26T17:07:49.052-0300][gc,phases   ] GC(0)   Evacuate Collection Set: 2.0ms
[2023-01-26T17:07:49.052-0300][gc,phases   ] GC(0)   Post Evacuate Collection Set: 0.2ms
[2023-01-26T17:07:49.052-0300][gc,phases   ] GC(0)   Other: 0.2ms
[2023-01-26T17:07:49.052-0300][gc,heap     ] GC(0) Eden regions: 51->0(44)
[2023-01-26T17:07:49.052-0300][gc,heap     ] GC(0) Survivor regions: 0->7(7)
[2023-01-26T17:07:49.052-0300][gc,heap     ] GC(0) Old regions: 0->1
[2023-01-26T17:07:49.052-0300][gc,heap     ] GC(0) Archive regions: 2->2
[2023-01-26T17:07:49.052-0300][gc,heap     ] GC(0) Humongous regions: 0->0
[2023-01-26T17:07:49.052-0300][gc,metaspace] GC(0) Metaspace: 18472K(18624K)->18472K(18624K) NonClass: 16233K(16320K)->16233K(16320K) Class: 2238K(2304K)->2238K(2304K)
[2023-01-26T17:07:49.052-0300][gc          ] GC(0) Pause Young (Normal) (G1 Evacuation Pause) 51M->8M(1024M) 2.708ms
[2023-01-26T17:07:49.052-0300][gc,cpu      ] GC(0) User=0.01s Sys=0.01s Real=0.00s
[2023-01-26T17:07:49.145-0300][gc,start    ] GC(1) Pause Young (Concurrent Start) (Metadata GC Threshold)
[2023-01-26T17:07:49.145-0300][gc,task     ] GC(1) Using 8 workers of 8 for evacuation
[2023-01-26T17:07:49.149-0300][gc,phases   ] GC(1)   Pre Evacuate Collection Set: 0.1ms
[2023-01-26T17:07:49.149-0300][gc,phases   ] GC(1)   Merge Heap Roots: 0.0ms
[2023-01-26T17:07:49.149-0300][gc,phases   ] GC(1)   Evacuate Collection Set: 3.3ms
[2023-01-26T17:07:49.149-0300][gc,phases   ] GC(1)   Post Evacuate Collection Set: 0.2ms
[2023-01-26T17:07:49.149-0300][gc,phases   ] GC(1)   Other: 0.1ms
[2023-01-26T17:07:49.149-0300][gc,heap     ] GC(1) Eden regions: 11->0(49)
[2023-01-26T17:07:49.149-0300][gc,heap     ] GC(1) Survivor regions: 7->2(7)
[2023-01-26T17:07:49.149-0300][gc,heap     ] GC(1) Old regions: 1->8
[2023-01-26T17:07:49.149-0300][gc,heap     ] GC(1) Archive regions: 2->2
[2023-01-26T17:07:49.149-0300][gc,heap     ] GC(1) Humongous regions: 0->0
[2023-01-26T17:07:49.149-0300][gc,metaspace] GC(1) Metaspace: 21278K(21504K)->21278K(21504K) NonClass: 18675K(18752K)->18675K(18752K) Class: 2602K(2752K)->2602K(2752K)
[2023-01-26T17:07:49.149-0300][gc          ] GC(1) Pause Young (Concurrent Start) (Metadata GC Threshold) 18M->9M(1024M) 3.837ms
[2023-01-26T17:07:49.149-0300][gc,cpu      ] GC(1) User=0.01s Sys=0.00s Real=0.00s
[2023-01-26T17:07:49.149-0300][gc          ] GC(2) Concurrent Mark Cycle
[2023-01-26T17:07:49.149-0300][gc,marking  ] GC(2) Concurrent Clear Claimed Marks
[2023-01-26T17:07:49.149-0300][gc,marking  ] GC(2) Concurrent Clear Claimed Marks 0.008ms
[2023-01-26T17:07:49.149-0300][gc,marking  ] GC(2) Concurrent Scan Root Regions
[2023-01-26T17:07:49.150-0300][gc,marking  ] GC(2) Concurrent Scan Root Regions 1.313ms
[2023-01-26T17:07:49.150-0300][gc,marking  ] GC(2) Concurrent Mark
[2023-01-26T17:07:49.150-0300][gc,marking  ] GC(2) Concurrent Mark From Roots
[2023-01-26T17:07:49.150-0300][gc,task     ] GC(2) Using 2 workers of 2 for marking
[2023-01-26T17:07:49.151-0300][gc,marking  ] GC(2) Concurrent Mark From Roots 0.508ms
[2023-01-26T17:07:49.151-0300][gc,marking  ] GC(2) Concurrent Preclean
[2023-01-26T17:07:49.151-0300][gc,marking  ] GC(2) Concurrent Preclean 0.013ms
[2023-01-26T17:07:49.151-0300][gc,start    ] GC(2) Pause Remark
[2023-01-26T17:07:49.151-0300][gc          ] GC(2) Pause Remark 9M->9M(1024M) 0.764ms
[2023-01-26T17:07:49.151-0300][gc,cpu      ] GC(2) User=0.00s Sys=0.00s Real=0.00s
[2023-01-26T17:07:49.151-0300][gc,marking  ] GC(2) Concurrent Mark 1.382ms
[2023-01-26T17:07:49.151-0300][gc,marking  ] GC(2) Concurrent Rebuild Remembered Sets
[2023-01-26T17:07:49.153-0300][gc,marking  ] GC(2) Concurrent Rebuild Remembered Sets 1.368ms
[2023-01-26T17:07:49.153-0300][gc,start    ] GC(2) Pause Cleanup
[2023-01-26T17:07:49.153-0300][gc          ] GC(2) Pause Cleanup 9M->9M(1024M) 0.074ms
[2023-01-26T17:07:49.153-0300][gc,cpu      ] GC(2) User=0.00s Sys=0.00s Real=0.00s
[2023-01-26T17:07:49.153-0300][gc,marking  ] GC(2) Concurrent Cleanup for Next Mark
[2023-01-26T17:07:49.154-0300][gc,marking  ] GC(2) Concurrent Cleanup for Next Mark 1.306ms
[2023-01-26T17:07:49.154-0300][gc          ] GC(2) Concurrent Mark Cycle 5.614ms
[2023-01-26T17:07:49.746-0300][gc,start    ] GC(3) Pause Young (Normal) (G1 Evacuation Pause)
[2023-01-26T17:07:49.746-0300][gc,task     ] GC(3) Using 8 workers of 8 for evacuation
[2023-01-26T17:07:49.749-0300][gc,phases   ] GC(3)   Pre Evacuate Collection Set: 0.1ms
[2023-01-26T17:07:49.749-0300][gc,phases   ] GC(3)   Merge Heap Roots: 0.0ms
[2023-01-26T17:07:49.749-0300][gc,phases   ] GC(3)   Evacuate Collection Set: 2.3ms
[2023-01-26T17:07:49.749-0300][gc,phases   ] GC(3)   Post Evacuate Collection Set: 0.2ms
[2023-01-26T17:07:49.749-0300][gc,phases   ] GC(3)   Other: 0.1ms
[2023-01-26T17:07:49.749-0300][gc,heap     ] GC(3) Eden regions: 49->0(45)
[2023-01-26T17:07:49.749-0300][gc,heap     ] GC(3) Survivor regions: 2->6(7)
[2023-01-26T17:07:49.749-0300][gc,heap     ] GC(3) Old regions: 8->8
[2023-01-26T17:07:49.749-0300][gc,heap     ] GC(3) Archive regions: 2->2
[2023-01-26T17:07:49.749-0300][gc,heap     ] GC(3) Humongous regions: 129->129
[2023-01-26T17:07:49.749-0300][gc,metaspace] GC(3) Metaspace: 31058K(31296K)->31058K(31296K) NonClass: 27502K(27648K)->27502K(27648K) Class: 3555K(3648K)->3555K(3648K)
[2023-01-26T17:07:49.749-0300][gc          ] GC(3) Pause Young (Normal) (G1 Evacuation Pause) 187M->142M(1024M) 2.882ms
[2023-01-26T17:07:49.749-0300][gc,cpu      ] GC(3) User=0.02s Sys=0.00s Real=0.00s
[2023-01-26T17:07:49.833-0300][gc,start    ] GC(4) Pause Young (Concurrent Start) (Metadata GC Threshold)
[2023-01-26T17:07:49.834-0300][gc,task     ] GC(4) Using 8 workers of 8 for evacuation
[2023-01-26T17:07:49.837-0300][gc,phases   ] GC(4)   Pre Evacuate Collection Set: 0.2ms
[2023-01-26T17:07:49.837-0300][gc,phases   ] GC(4)   Merge Heap Roots: 0.1ms
[2023-01-26T17:07:49.837-0300][gc,phases   ] GC(4)   Evacuate Collection Set: 2.3ms
[2023-01-26T17:07:49.837-0300][gc,phases   ] GC(4)   Post Evacuate Collection Set: 0.2ms
[2023-01-26T17:07:49.837-0300][gc,phases   ] GC(4)   Other: 1.6ms
[2023-01-26T17:07:49.837-0300][gc,heap     ] GC(4) Eden regions: 22->0(49)
[2023-01-26T17:07:49.837-0300][gc,heap     ] GC(4) Survivor regions: 6->2(7)
[2023-01-26T17:07:49.837-0300][gc,heap     ] GC(4) Old regions: 8->13
[2023-01-26T17:07:49.837-0300][gc,heap     ] GC(4) Archive regions: 2->2
[2023-01-26T17:07:49.837-0300][gc,heap     ] GC(4) Humongous regions: 129->129
[2023-01-26T17:07:49.837-0300][gc,metaspace] GC(4) Metaspace: 35789K(36096K)->35789K(36096K) NonClass: 31655K(31808K)->31655K(31808K) Class: 4134K(4288K)->4134K(4288K)
[2023-01-26T17:07:49.837-0300][gc          ] GC(4) Pause Young (Concurrent Start) (Metadata GC Threshold) 163M->144M(1024M) 4.354ms
[2023-01-26T17:07:49.837-0300][gc,cpu      ] GC(4) User=0.02s Sys=0.00s Real=0.00s
[2023-01-26T17:07:49.837-0300][gc          ] GC(5) Concurrent Mark Cycle
[2023-01-26T17:07:49.837-0300][gc,marking  ] GC(5) Concurrent Clear Claimed Marks
[2023-01-26T17:07:49.837-0300][gc,marking  ] GC(5) Concurrent Clear Claimed Marks 0.011ms
[2023-01-26T17:07:49.837-0300][gc,marking  ] GC(5) Concurrent Scan Root Regions
[2023-01-26T17:07:49.839-0300][gc,marking  ] GC(5) Concurrent Scan Root Regions 1.412ms
[2023-01-26T17:07:49.839-0300][gc,marking  ] GC(5) Concurrent Mark
[2023-01-26T17:07:49.839-0300][gc,marking  ] GC(5) Concurrent Mark From Roots
[2023-01-26T17:07:49.839-0300][gc,task     ] GC(5) Using 2 workers of 2 for marking
[2023-01-26T17:07:49.841-0300][gc,marking  ] GC(5) Concurrent Mark From Roots 2.854ms
[2023-01-26T17:07:49.841-0300][gc,marking  ] GC(5) Concurrent Preclean
[2023-01-26T17:07:49.842-0300][gc,marking  ] GC(5) Concurrent Preclean 0.050ms
[2023-01-26T17:07:49.842-0300][gc,start    ] GC(5) Pause Remark
[2023-01-26T17:07:49.842-0300][gc          ] GC(5) Pause Remark 145M->145M(1024M) 0.858ms
[2023-01-26T17:07:49.842-0300][gc,cpu      ] GC(5) User=0.00s Sys=0.00s Real=0.00s
[2023-01-26T17:07:49.843-0300][gc,marking  ] GC(5) Concurrent Mark 3.956ms
[2023-01-26T17:07:49.843-0300][gc,marking  ] GC(5) Concurrent Rebuild Remembered Sets
[2023-01-26T17:07:49.846-0300][gc,marking  ] GC(5) Concurrent Rebuild Remembered Sets 3.200ms
[2023-01-26T17:07:49.846-0300][gc,start    ] GC(5) Pause Cleanup
[2023-01-26T17:07:49.846-0300][gc          ] GC(5) Pause Cleanup 145M->145M(1024M) 0.076ms
[2023-01-26T17:07:49.846-0300][gc,cpu      ] GC(5) User=0.00s Sys=0.00s Real=0.00s
[2023-01-26T17:07:49.846-0300][gc,marking  ] GC(5) Concurrent Cleanup for Next Mark
[2023-01-26T17:07:49.847-0300][gc,marking  ] GC(5) Concurrent Cleanup for Next Mark 1.303ms
[2023-01-26T17:07:49.847-0300][gc          ] GC(5) Concurrent Mark Cycle 10.109ms
[2023-01-26T17:19:10.157-0300][gc,start    ] GC(6) Pause Young (Prepare Mixed) (G1 Evacuation Pause)
[2023-01-26T17:19:10.158-0300][gc,task     ] GC(6) Using 8 workers of 8 for evacuation
[2023-01-26T17:19:10.173-0300][gc,phases   ] GC(6)   Pre Evacuate Collection Set: 0.4ms
[2023-01-26T17:19:10.173-0300][gc,phases   ] GC(6)   Merge Heap Roots: 0.1ms
[2023-01-26T17:19:10.173-0300][gc,phases   ] GC(6)   Evacuate Collection Set: 14.4ms
[2023-01-26T17:19:10.173-0300][gc,phases   ] GC(6)   Post Evacuate Collection Set: 0.6ms
[2023-01-26T17:19:10.173-0300][gc,phases   ] GC(6)   Other: 0.6ms
[2023-01-26T17:19:10.173-0300][gc,heap     ] GC(6) Eden regions: 49->0(47)
[2023-01-26T17:19:10.173-0300][gc,heap     ] GC(6) Survivor regions: 2->4(7)
[2023-01-26T17:19:10.173-0300][gc,heap     ] GC(6) Old regions: 13->13
[2023-01-26T17:19:10.173-0300][gc,heap     ] GC(6) Archive regions: 2->2
[2023-01-26T17:19:10.173-0300][gc,heap     ] GC(6) Humongous regions: 141->129
[2023-01-26T17:19:10.173-0300][gc,metaspace] GC(6) Metaspace: 40734K(41408K)->40734K(41408K) NonClass: 35710K(36096K)->35710K(36096K) Class: 5024K(5312K)->5024K(5312K)
[2023-01-26T17:19:10.173-0300][gc          ] GC(6) Pause Young (Prepare Mixed) (G1 Evacuation Pause) 205M->145M(1024M) 16.222ms
[2023-01-26T17:19:10.174-0300][gc,cpu      ] GC(6) User=0.03s Sys=0.00s Real=0.02s
[2023-01-26T17:20:52.134-0300][gc,heap,exit] Heap
[2023-01-26T17:20:52.134-0300][gc,heap,exit]  garbage-first heap   total 1048576K, used 163946K [0x00000007c0000000, 0x0000000800000000)
[2023-01-26T17:20:52.134-0300][gc,heap,exit]   region size 1024K, 19 young (19456K), 4 survivors (4096K)
[2023-01-26T17:20:52.134-0300][gc,heap,exit]  Metaspace       used 41499K, committed 42176K, reserved 1089536K
[2023-01-26T17:20:52.134-0300][gc,heap,exit]   class space    used 5198K, committed 5504K, reserved 1048576K
