[2023-01-26T14:36:05.569-0300][gc] Using G1
[2023-01-26T14:36:05.570-0300][gc,init] Version: 17.0.4.1+9-LTS (release)
[2023-01-26T14:36:05.570-0300][gc,init] CPUs: 8 total, 8 available
[2023-01-26T14:36:05.570-0300][gc,init] Memory: 16384M
[2023-01-26T14:36:05.570-0300][gc,init] Large Page Support: Disabled
[2023-01-26T14:36:05.570-0300][gc,init] NUMA Support: Disabled
[2023-01-26T14:36:05.570-0300][gc,init] Compressed Oops: Enabled (Zero based)
[2023-01-26T14:36:05.570-0300][gc,init] Heap Region Size: 1M
[2023-01-26T14:36:05.570-0300][gc,init] Heap Min Capacity: 1G
[2023-01-26T14:36:05.570-0300][gc,init] Heap Initial Capacity: 1G
[2023-01-26T14:36:05.570-0300][gc,init] Heap Max Capacity: 1G
[2023-01-26T14:36:05.570-0300][gc,init] Pre-touch: Disabled
[2023-01-26T14:36:05.570-0300][gc,init] Parallel Workers: 8
[2023-01-26T14:36:05.570-0300][gc,init] Concurrent Workers: 2
[2023-01-26T14:36:05.570-0300][gc,init] Concurrent Refinement Workers: 8
[2023-01-26T14:36:05.570-0300][gc,init] Periodic GC: Disabled
[2023-01-26T14:36:05.570-0300][gc,metaspace] CDS archive(s) mapped at: [0x0000000800000000-0x0000000800bd8000-0x0000000800bd8000), size 12419072, SharedBaseAddress: 0x0000000800000000, ArchiveRelocationMode: 0.
[2023-01-26T14:36:05.570-0300][gc,metaspace] Compressed class space mapped at: 0x0000000800c00000-0x0000000840c00000, reserved size: 1073741824
[2023-01-26T14:36:05.570-0300][gc,metaspace] Narrow klass base: 0x0000000800000000, Narrow klass shift: 0, Narrow klass range: 0x100000000
[2023-01-26T14:36:06.187-0300][gc,start    ] GC(0) Pause Young (Normal) (G1 Evacuation Pause)
[2023-01-26T14:36:06.187-0300][gc,task     ] GC(0) Using 8 workers of 8 for evacuation
[2023-01-26T14:36:06.190-0300][gc,phases   ] GC(0)   Pre Evacuate Collection Set: 0.1ms
[2023-01-26T14:36:06.190-0300][gc,phases   ] GC(0)   Merge Heap Roots: 0.0ms
[2023-01-26T14:36:06.190-0300][gc,phases   ] GC(0)   Evacuate Collection Set: 2.2ms
[2023-01-26T14:36:06.190-0300][gc,phases   ] GC(0)   Post Evacuate Collection Set: 0.2ms
[2023-01-26T14:36:06.190-0300][gc,phases   ] GC(0)   Other: 0.2ms
[2023-01-26T14:36:06.190-0300][gc,heap     ] GC(0) Eden regions: 51->0(44)
[2023-01-26T14:36:06.190-0300][gc,heap     ] GC(0) Survivor regions: 0->7(7)
[2023-01-26T14:36:06.190-0300][gc,heap     ] GC(0) Old regions: 0->1
[2023-01-26T14:36:06.190-0300][gc,heap     ] GC(0) Archive regions: 2->2
[2023-01-26T14:36:06.190-0300][gc,heap     ] GC(0) Humongous regions: 0->0
[2023-01-26T14:36:06.190-0300][gc,metaspace] GC(0) Metaspace: 18472K(18624K)->18472K(18624K) NonClass: 16221K(16320K)->16221K(16320K) Class: 2250K(2304K)->2250K(2304K)
[2023-01-26T14:36:06.190-0300][gc          ] GC(0) Pause Young (Normal) (G1 Evacuation Pause) 51M->8M(1024M) 2.917ms
[2023-01-26T14:36:06.190-0300][gc,cpu      ] GC(0) User=0.02s Sys=0.01s Real=0.01s
[2023-01-26T14:36:06.290-0300][gc,start    ] GC(1) Pause Young (Concurrent Start) (Metadata GC Threshold)
[2023-01-26T14:36:06.290-0300][gc,task     ] GC(1) Using 8 workers of 8 for evacuation
[2023-01-26T14:36:06.293-0300][gc,phases   ] GC(1)   Pre Evacuate Collection Set: 0.1ms
[2023-01-26T14:36:06.293-0300][gc,phases   ] GC(1)   Merge Heap Roots: 0.0ms
[2023-01-26T14:36:06.293-0300][gc,phases   ] GC(1)   Evacuate Collection Set: 3.2ms
[2023-01-26T14:36:06.293-0300][gc,phases   ] GC(1)   Post Evacuate Collection Set: 0.2ms
[2023-01-26T14:36:06.293-0300][gc,phases   ] GC(1)   Other: 0.1ms
[2023-01-26T14:36:06.293-0300][gc,heap     ] GC(1) Eden regions: 13->0(49)
[2023-01-26T14:36:06.293-0300][gc,heap     ] GC(1) Survivor regions: 7->2(7)
[2023-01-26T14:36:06.293-0300][gc,heap     ] GC(1) Old regions: 1->8
[2023-01-26T14:36:06.293-0300][gc,heap     ] GC(1) Archive regions: 2->2
[2023-01-26T14:36:06.293-0300][gc,heap     ] GC(1) Humongous regions: 129->129
[2023-01-26T14:36:06.293-0300][gc,metaspace] GC(1) Metaspace: 21273K(21504K)->21273K(21504K) NonClass: 18671K(18752K)->18671K(18752K) Class: 2601K(2752K)->2601K(2752K)
[2023-01-26T14:36:06.293-0300][gc          ] GC(1) Pause Young (Concurrent Start) (Metadata GC Threshold) 149M->138M(1024M) 3.637ms
[2023-01-26T14:36:06.293-0300][gc,cpu      ] GC(1) User=0.01s Sys=0.01s Real=0.00s
[2023-01-26T14:36:06.293-0300][gc          ] GC(2) Concurrent Mark Cycle
[2023-01-26T14:36:06.293-0300][gc,marking  ] GC(2) Concurrent Clear Claimed Marks
[2023-01-26T14:36:06.293-0300][gc,marking  ] GC(2) Concurrent Clear Claimed Marks 0.009ms
[2023-01-26T14:36:06.293-0300][gc,marking  ] GC(2) Concurrent Scan Root Regions
[2023-01-26T14:36:06.295-0300][gc,marking  ] GC(2) Concurrent Scan Root Regions 1.288ms
[2023-01-26T14:36:06.295-0300][gc,marking  ] GC(2) Concurrent Mark
[2023-01-26T14:36:06.295-0300][gc,marking  ] GC(2) Concurrent Mark From Roots
[2023-01-26T14:36:06.295-0300][gc,task     ] GC(2) Using 2 workers of 2 for marking
[2023-01-26T14:36:06.295-0300][gc,marking  ] GC(2) Concurrent Mark From Roots 0.736ms
[2023-01-26T14:36:06.295-0300][gc,marking  ] GC(2) Concurrent Preclean
[2023-01-26T14:36:06.296-0300][gc,marking  ] GC(2) Concurrent Preclean 0.012ms
[2023-01-26T14:36:06.296-0300][gc,start    ] GC(2) Pause Remark
[2023-01-26T14:36:06.296-0300][gc          ] GC(2) Pause Remark 139M->139M(1024M) 0.797ms
[2023-01-26T14:36:06.296-0300][gc,cpu      ] GC(2) User=0.00s Sys=0.00s Real=0.00s
[2023-01-26T14:36:06.296-0300][gc,marking  ] GC(2) Concurrent Mark 1.634ms
[2023-01-26T14:36:06.296-0300][gc,marking  ] GC(2) Concurrent Rebuild Remembered Sets
[2023-01-26T14:36:06.298-0300][gc,marking  ] GC(2) Concurrent Rebuild Remembered Sets 1.359ms
[2023-01-26T14:36:06.298-0300][gc,start    ] GC(2) Pause Cleanup
[2023-01-26T14:36:06.298-0300][gc          ] GC(2) Pause Cleanup 139M->139M(1024M) 0.084ms
[2023-01-26T14:36:06.298-0300][gc,cpu      ] GC(2) User=0.00s Sys=0.00s Real=0.00s
[2023-01-26T14:36:06.298-0300][gc,marking  ] GC(2) Concurrent Cleanup for Next Mark
[2023-01-26T14:36:06.299-0300][gc,marking  ] GC(2) Concurrent Cleanup for Next Mark 1.344ms
[2023-01-26T14:36:06.299-0300][gc          ] GC(2) Concurrent Mark Cycle 5.843ms
[2023-01-26T14:36:06.566-0300][gc,start    ] GC(3) Pause Young (Normal) (G1 Evacuation Pause)
[2023-01-26T14:36:06.566-0300][gc,task     ] GC(3) Using 8 workers of 8 for evacuation
[2023-01-26T14:36:06.569-0300][gc,phases   ] GC(3)   Pre Evacuate Collection Set: 0.1ms
[2023-01-26T14:36:06.569-0300][gc,phases   ] GC(3)   Merge Heap Roots: 0.0ms
[2023-01-26T14:36:06.569-0300][gc,phases   ] GC(3)   Evacuate Collection Set: 1.9ms
[2023-01-26T14:36:06.569-0300][gc,phases   ] GC(3)   Post Evacuate Collection Set: 0.2ms
[2023-01-26T14:36:06.569-0300][gc,phases   ] GC(3)   Other: 0.1ms
[2023-01-26T14:36:06.569-0300][gc,heap     ] GC(3) Eden regions: 49->0(45)
[2023-01-26T14:36:06.569-0300][gc,heap     ] GC(3) Survivor regions: 2->6(7)
[2023-01-26T14:36:06.569-0300][gc,heap     ] GC(3) Old regions: 8->8
[2023-01-26T14:36:06.569-0300][gc,heap     ] GC(3) Archive regions: 2->2
[2023-01-26T14:36:06.569-0300][gc,heap     ] GC(3) Humongous regions: 129->129
[2023-01-26T14:36:06.569-0300][gc,metaspace] GC(3) Metaspace: 32534K(32768K)->32534K(32768K) NonClass: 28818K(28928K)->28818K(28928K) Class: 3715K(3840K)->3715K(3840K)
[2023-01-26T14:36:06.569-0300][gc          ] GC(3) Pause Young (Normal) (G1 Evacuation Pause) 187M->142M(1024M) 2.342ms
[2023-01-26T14:36:06.569-0300][gc,cpu      ] GC(3) User=0.01s Sys=0.00s Real=0.00s
[2023-01-26T14:36:29.673-0300][gc,start    ] GC(4) Pause Young (Concurrent Start) (Metadata GC Threshold)
[2023-01-26T14:36:29.673-0300][gc,task     ] GC(4) Using 8 workers of 8 for evacuation
[2023-01-26T14:36:29.675-0300][gc,phases   ] GC(4)   Pre Evacuate Collection Set: 0.1ms
[2023-01-26T14:36:29.675-0300][gc,phases   ] GC(4)   Merge Heap Roots: 0.1ms
[2023-01-26T14:36:29.675-0300][gc,phases   ] GC(4)   Evacuate Collection Set: 2.1ms
[2023-01-26T14:36:29.675-0300][gc,phases   ] GC(4)   Post Evacuate Collection Set: 0.3ms
[2023-01-26T14:36:29.676-0300][gc,phases   ] GC(4)   Other: 0.1ms
[2023-01-26T14:36:29.676-0300][gc,heap     ] GC(4) Eden regions: 16->0(49)
[2023-01-26T14:36:29.676-0300][gc,heap     ] GC(4) Survivor regions: 6->2(7)
[2023-01-26T14:36:29.676-0300][gc,heap     ] GC(4) Old regions: 8->13
[2023-01-26T14:36:29.676-0300][gc,heap     ] GC(4) Archive regions: 2->2
[2023-01-26T14:36:29.676-0300][gc,heap     ] GC(4) Humongous regions: 129->129
[2023-01-26T14:36:29.676-0300][gc,metaspace] GC(4) Metaspace: 35615K(35968K)->35615K(35968K) NonClass: 31380K(31552K)->31380K(31552K) Class: 4234K(4416K)->4234K(4416K)
[2023-01-26T14:36:29.676-0300][gc          ] GC(4) Pause Young (Concurrent Start) (Metadata GC Threshold) 158M->143M(1024M) 2.702ms
[2023-01-26T14:36:29.676-0300][gc,cpu      ] GC(4) User=0.01s Sys=0.00s Real=0.00s
[2023-01-26T14:36:29.676-0300][gc          ] GC(5) Concurrent Mark Cycle
[2023-01-26T14:36:29.676-0300][gc,marking  ] GC(5) Concurrent Clear Claimed Marks
[2023-01-26T14:36:29.676-0300][gc,marking  ] GC(5) Concurrent Clear Claimed Marks 0.016ms
[2023-01-26T14:36:29.676-0300][gc,marking  ] GC(5) Concurrent Scan Root Regions
[2023-01-26T14:36:29.677-0300][gc,marking  ] GC(5) Concurrent Scan Root Regions 1.431ms
[2023-01-26T14:36:29.677-0300][gc,marking  ] GC(5) Concurrent Mark
[2023-01-26T14:36:29.677-0300][gc,marking  ] GC(5) Concurrent Mark From Roots
[2023-01-26T14:36:29.677-0300][gc,task     ] GC(5) Using 2 workers of 2 for marking
[2023-01-26T14:36:29.680-0300][gc,marking  ] GC(5) Concurrent Mark From Roots 2.605ms
[2023-01-26T14:36:29.680-0300][gc,marking  ] GC(5) Concurrent Preclean
[2023-01-26T14:36:29.680-0300][gc,marking  ] GC(5) Concurrent Preclean 0.036ms
[2023-01-26T14:36:29.680-0300][gc,start    ] GC(5) Pause Remark
[2023-01-26T14:36:29.681-0300][gc          ] GC(5) Pause Remark 144M->144M(1024M) 0.897ms
[2023-01-26T14:36:29.681-0300][gc,cpu      ] GC(5) User=0.00s Sys=0.00s Real=0.00s
[2023-01-26T14:36:29.681-0300][gc,marking  ] GC(5) Concurrent Mark 3.706ms
[2023-01-26T14:36:29.681-0300][gc,marking  ] GC(5) Concurrent Rebuild Remembered Sets
[2023-01-26T14:36:29.683-0300][gc,marking  ] GC(5) Concurrent Rebuild Remembered Sets 2.690ms
[2023-01-26T14:36:29.684-0300][gc,start    ] GC(5) Pause Cleanup
[2023-01-26T14:36:29.684-0300][gc          ] GC(5) Pause Cleanup 144M->144M(1024M) 0.079ms
[2023-01-26T14:36:29.684-0300][gc,cpu      ] GC(5) User=0.00s Sys=0.00s Real=0.00s
[2023-01-26T14:36:29.684-0300][gc,marking  ] GC(5) Concurrent Cleanup for Next Mark
[2023-01-26T14:36:29.685-0300][gc,marking  ] GC(5) Concurrent Cleanup for Next Mark 1.352ms
[2023-01-26T14:36:29.685-0300][gc          ] GC(5) Concurrent Mark Cycle 9.516ms
[2023-01-26T14:44:36.220-0300][gc,start    ] GC(6) Pause Young (Normal) (G1 Evacuation Pause)
[2023-01-26T14:44:36.220-0300][gc,task     ] GC(6) Using 8 workers of 8 for evacuation
[2023-01-26T14:44:36.237-0300][gc,phases   ] GC(6)   Pre Evacuate Collection Set: 0.5ms
[2023-01-26T14:44:36.237-0300][gc,phases   ] GC(6)   Merge Heap Roots: 0.2ms
[2023-01-26T14:44:36.237-0300][gc,phases   ] GC(6)   Evacuate Collection Set: 15.3ms
[2023-01-26T14:44:36.237-0300][gc,phases   ] GC(6)   Post Evacuate Collection Set: 0.7ms
[2023-01-26T14:44:36.237-0300][gc,phases   ] GC(6)   Other: 0.6ms
[2023-01-26T14:44:36.237-0300][gc,heap     ] GC(6) Eden regions: 49->0(47)
[2023-01-26T14:44:36.237-0300][gc,heap     ] GC(6) Survivor regions: 2->4(7)
[2023-01-26T14:44:36.237-0300][gc,heap     ] GC(6) Old regions: 13->13
[2023-01-26T14:44:36.237-0300][gc,heap     ] GC(6) Archive regions: 2->2
[2023-01-26T14:44:36.237-0300][gc,heap     ] GC(6) Humongous regions: 129->129
[2023-01-26T14:44:36.237-0300][gc,metaspace] GC(6) Metaspace: 40521K(41152K)->40521K(41152K) NonClass: 35535K(35904K)->35535K(35904K) Class: 4986K(5248K)->4986K(5248K)
[2023-01-26T14:44:36.237-0300][gc          ] GC(6) Pause Young (Normal) (G1 Evacuation Pause) 192M->146M(1024M) 17.388ms
[2023-01-26T14:44:36.237-0300][gc,cpu      ] GC(6) User=0.03s Sys=0.00s Real=0.01s
[2023-01-26T15:20:37.256-0300][gc,start    ] GC(7) Pause Young (Normal) (G1 Evacuation Pause)
[2023-01-26T15:20:37.257-0300][gc,task     ] GC(7) Using 8 workers of 8 for evacuation
[2023-01-26T15:20:37.270-0300][gc,phases   ] GC(7)   Pre Evacuate Collection Set: 0.7ms
[2023-01-26T15:20:37.271-0300][gc,phases   ] GC(7)   Merge Heap Roots: 0.1ms
[2023-01-26T15:20:37.271-0300][gc,phases   ] GC(7)   Evacuate Collection Set: 10.9ms
[2023-01-26T15:20:37.271-0300][gc,phases   ] GC(7)   Post Evacuate Collection Set: 1.3ms
[2023-01-26T15:20:37.271-0300][gc,phases   ] GC(7)   Other: 2.0ms
[2023-01-26T15:20:37.271-0300][gc,heap     ] GC(7) Eden regions: 47->0(47)
[2023-01-26T15:20:37.271-0300][gc,heap     ] GC(7) Survivor regions: 4->4(7)
[2023-01-26T15:20:37.271-0300][gc,heap     ] GC(7) Old regions: 13->13
[2023-01-26T15:20:37.271-0300][gc,heap     ] GC(7) Archive regions: 2->2
[2023-01-26T15:20:37.271-0300][gc,heap     ] GC(7) Humongous regions: 129->129
[2023-01-26T15:20:37.271-0300][gc,metaspace] GC(7) Metaspace: 40799K(41472K)->40799K(41472K) NonClass: 35795K(36160K)->35795K(36160K) Class: 5003K(5312K)->5003K(5312K)
[2023-01-26T15:20:37.271-0300][gc          ] GC(7) Pause Young (Normal) (G1 Evacuation Pause) 193M->145M(1024M) 15.279ms
[2023-01-26T15:20:37.271-0300][gc,cpu      ] GC(7) User=0.02s Sys=0.00s Real=0.02s
[2023-01-26T15:58:44.735-0300][gc,start    ] GC(8) Pause Young (Normal) (G1 Evacuation Pause)
[2023-01-26T15:58:44.736-0300][gc,task     ] GC(8) Using 8 workers of 8 for evacuation
[2023-01-26T15:58:44.753-0300][gc,phases   ] GC(8)   Pre Evacuate Collection Set: 0.5ms
[2023-01-26T15:58:44.753-0300][gc,phases   ] GC(8)   Merge Heap Roots: 0.1ms
[2023-01-26T15:58:44.753-0300][gc,phases   ] GC(8)   Evacuate Collection Set: 14.9ms
[2023-01-26T15:58:44.753-0300][gc,phases   ] GC(8)   Post Evacuate Collection Set: 0.8ms
[2023-01-26T15:58:44.753-0300][gc,phases   ] GC(8)   Other: 1.5ms
[2023-01-26T15:58:44.753-0300][gc,heap     ] GC(8) Eden regions: 47->0(50)
[2023-01-26T15:58:44.753-0300][gc,heap     ] GC(8) Survivor regions: 4->4(7)
[2023-01-26T15:58:44.753-0300][gc,heap     ] GC(8) Old regions: 13->13
[2023-01-26T15:58:44.753-0300][gc,heap     ] GC(8) Archive regions: 2->2
[2023-01-26T15:58:44.753-0300][gc,heap     ] GC(8) Humongous regions: 129->129
[2023-01-26T15:58:44.753-0300][gc,metaspace] GC(8) Metaspace: 40929K(41600K)->40929K(41600K) NonClass: 35921K(36288K)->35921K(36288K) Class: 5007K(5312K)->5007K(5312K)
[2023-01-26T15:58:44.753-0300][gc          ] GC(8) Pause Young (Normal) (G1 Evacuation Pause) 192M->145M(1024M) 17.885ms
[2023-01-26T15:58:44.753-0300][gc,cpu      ] GC(8) User=0.02s Sys=0.00s Real=0.02s
[2023-01-26T16:35:43.737-0300][gc,start    ] GC(9) Pause Young (Normal) (G1 Evacuation Pause)
[2023-01-26T16:35:43.737-0300][gc,task     ] GC(9) Using 8 workers of 8 for evacuation
[2023-01-26T16:35:43.740-0300][gc,phases   ] GC(9)   Pre Evacuate Collection Set: 0.2ms
[2023-01-26T16:35:43.740-0300][gc,phases   ] GC(9)   Merge Heap Roots: 0.1ms
[2023-01-26T16:35:43.740-0300][gc,phases   ] GC(9)   Evacuate Collection Set: 1.9ms
[2023-01-26T16:35:43.740-0300][gc,phases   ] GC(9)   Post Evacuate Collection Set: 0.5ms
[2023-01-26T16:35:43.740-0300][gc,phases   ] GC(9)   Other: 0.6ms
[2023-01-26T16:35:43.740-0300][gc,heap     ] GC(9) Eden regions: 50->0(84)
[2023-01-26T16:35:43.740-0300][gc,heap     ] GC(9) Survivor regions: 4->4(7)
[2023-01-26T16:35:43.740-0300][gc,heap     ] GC(9) Old regions: 13->13
[2023-01-26T16:35:43.740-0300][gc,heap     ] GC(9) Archive regions: 2->2
[2023-01-26T16:35:43.740-0300][gc,heap     ] GC(9) Humongous regions: 129->129
[2023-01-26T16:35:43.740-0300][gc,metaspace] GC(9) Metaspace: 41312K(41920K)->41312K(41920K) NonClass: 36204K(36544K)->36204K(36544K) Class: 5107K(5376K)->5107K(5376K)
[2023-01-26T16:35:43.740-0300][gc          ] GC(9) Pause Young (Normal) (G1 Evacuation Pause) 195M->146M(1024M) 3.367ms
[2023-01-26T16:35:43.740-0300][gc,cpu      ] GC(9) User=0.01s Sys=0.00s Real=0.01s
[2023-01-26T16:35:44.473-0300][gc,heap,exit] Heap
[2023-01-26T16:35:44.473-0300][gc,heap,exit]  garbage-first heap   total 1048576K, used 154406K [0x00000007c0000000, 0x0000000800000000)
[2023-01-26T16:35:44.473-0300][gc,heap,exit]   region size 1024K, 9 young (9216K), 4 survivors (4096K)
[2023-01-26T16:35:44.473-0300][gc,heap,exit]  Metaspace       used 41573K, committed 42240K, reserved 1089536K
[2023-01-26T16:35:44.473-0300][gc,heap,exit]   class space    used 5159K, committed 5440K, reserved 1048576K
