[2023-01-27T13:30:21.786-0300][gc] Using G1
[2023-01-27T13:30:21.787-0300][gc,init] Version: 17.0.4.1+9-LTS (release)
[2023-01-27T13:30:21.787-0300][gc,init] CPUs: 8 total, 8 available
[2023-01-27T13:30:21.787-0300][gc,init] Memory: 16384M
[2023-01-27T13:30:21.787-0300][gc,init] Large Page Support: Disabled
[2023-01-27T13:30:21.787-0300][gc,init] NUMA Support: Disabled
[2023-01-27T13:30:21.787-0300][gc,init] Compressed Oops: Enabled (Zero based)
[2023-01-27T13:30:21.787-0300][gc,init] Heap Region Size: 1M
[2023-01-27T13:30:21.787-0300][gc,init] Heap Min Capacity: 1G
[2023-01-27T13:30:21.787-0300][gc,init] Heap Initial Capacity: 1G
[2023-01-27T13:30:21.787-0300][gc,init] Heap Max Capacity: 1G
[2023-01-27T13:30:21.787-0300][gc,init] Pre-touch: Disabled
[2023-01-27T13:30:21.787-0300][gc,init] Parallel Workers: 8
[2023-01-27T13:30:21.787-0300][gc,init] Concurrent Workers: 2
[2023-01-27T13:30:21.787-0300][gc,init] Concurrent Refinement Workers: 8
[2023-01-27T13:30:21.787-0300][gc,init] Periodic GC: Disabled
[2023-01-27T13:30:21.787-0300][gc,metaspace] CDS archive(s) mapped at: [0x0000000800000000-0x0000000800bd8000-0x0000000800bd8000), size 12419072, SharedBaseAddress: 0x0000000800000000, ArchiveRelocationMode: 0.
[2023-01-27T13:30:21.787-0300][gc,metaspace] Compressed class space mapped at: 0x0000000800c00000-0x0000000840c00000, reserved size: 1073741824
[2023-01-27T13:30:21.787-0300][gc,metaspace] Narrow klass base: 0x0000000800000000, Narrow klass shift: 0, Narrow klass range: 0x100000000
[2023-01-27T13:30:22.315-0300][gc,start    ] GC(0) Pause Young (Normal) (G1 Evacuation Pause)
[2023-01-27T13:30:22.315-0300][gc,task     ] GC(0) Using 8 workers of 8 for evacuation
[2023-01-27T13:30:22.318-0300][gc,phases   ] GC(0)   Pre Evacuate Collection Set: 0.2ms
[2023-01-27T13:30:22.318-0300][gc,phases   ] GC(0)   Merge Heap Roots: 0.0ms
[2023-01-27T13:30:22.318-0300][gc,phases   ] GC(0)   Evacuate Collection Set: 2.0ms
[2023-01-27T13:30:22.318-0300][gc,phases   ] GC(0)   Post Evacuate Collection Set: 0.3ms
[2023-01-27T13:30:22.318-0300][gc,phases   ] GC(0)   Other: 0.2ms
[2023-01-27T13:30:22.318-0300][gc,heap     ] GC(0) Eden regions: 51->0(44)
[2023-01-27T13:30:22.318-0300][gc,heap     ] GC(0) Survivor regions: 0->7(7)
[2023-01-27T13:30:22.318-0300][gc,heap     ] GC(0) Old regions: 0->1
[2023-01-27T13:30:22.318-0300][gc,heap     ] GC(0) Archive regions: 2->2
[2023-01-27T13:30:22.318-0300][gc,heap     ] GC(0) Humongous regions: 0->0
[2023-01-27T13:30:22.318-0300][gc,metaspace] GC(0) Metaspace: 18476K(18624K)->18476K(18624K) NonClass: 16237K(16320K)->16237K(16320K) Class: 2238K(2304K)->2238K(2304K)
[2023-01-27T13:30:22.318-0300][gc          ] GC(0) Pause Young (Normal) (G1 Evacuation Pause) 51M->8M(1024M) 2.822ms
[2023-01-27T13:30:22.318-0300][gc,cpu      ] GC(0) User=0.01s Sys=0.01s Real=0.00s
[2023-01-27T13:30:22.399-0300][gc,start    ] GC(1) Pause Young (Concurrent Start) (Metadata GC Threshold)
[2023-01-27T13:30:22.399-0300][gc,task     ] GC(1) Using 8 workers of 8 for evacuation
[2023-01-27T13:30:22.403-0300][gc,phases   ] GC(1)   Pre Evacuate Collection Set: 0.1ms
[2023-01-27T13:30:22.403-0300][gc,phases   ] GC(1)   Merge Heap Roots: 0.1ms
[2023-01-27T13:30:22.403-0300][gc,phases   ] GC(1)   Evacuate Collection Set: 3.4ms
[2023-01-27T13:30:22.403-0300][gc,phases   ] GC(1)   Post Evacuate Collection Set: 0.2ms
[2023-01-27T13:30:22.403-0300][gc,phases   ] GC(1)   Other: 0.1ms
[2023-01-27T13:30:22.403-0300][gc,heap     ] GC(1) Eden regions: 11->0(49)
[2023-01-27T13:30:22.403-0300][gc,heap     ] GC(1) Survivor regions: 7->2(7)
[2023-01-27T13:30:22.403-0300][gc,heap     ] GC(1) Old regions: 1->8
[2023-01-27T13:30:22.403-0300][gc,heap     ] GC(1) Archive regions: 2->2
[2023-01-27T13:30:22.403-0300][gc,heap     ] GC(1) Humongous regions: 0->0
[2023-01-27T13:30:22.403-0300][gc,metaspace] GC(1) Metaspace: 21257K(21504K)->21257K(21504K) NonClass: 18658K(18752K)->18658K(18752K) Class: 2598K(2752K)->2598K(2752K)
[2023-01-27T13:30:22.403-0300][gc          ] GC(1) Pause Young (Concurrent Start) (Metadata GC Threshold) 18M->9M(1024M) 4.014ms
[2023-01-27T13:30:22.403-0300][gc,cpu      ] GC(1) User=0.01s Sys=0.01s Real=0.01s
[2023-01-27T13:30:22.403-0300][gc          ] GC(2) Concurrent Mark Cycle
[2023-01-27T13:30:22.403-0300][gc,marking  ] GC(2) Concurrent Clear Claimed Marks
[2023-01-27T13:30:22.403-0300][gc,marking  ] GC(2) Concurrent Clear Claimed Marks 0.008ms
[2023-01-27T13:30:22.403-0300][gc,marking  ] GC(2) Concurrent Scan Root Regions
[2023-01-27T13:30:22.404-0300][gc,marking  ] GC(2) Concurrent Scan Root Regions 1.262ms
[2023-01-27T13:30:22.404-0300][gc,marking  ] GC(2) Concurrent Mark
[2023-01-27T13:30:22.404-0300][gc,marking  ] GC(2) Concurrent Mark From Roots
[2023-01-27T13:30:22.404-0300][gc,task     ] GC(2) Using 2 workers of 2 for marking
[2023-01-27T13:30:22.405-0300][gc,marking  ] GC(2) Concurrent Mark From Roots 0.869ms
[2023-01-27T13:30:22.405-0300][gc,marking  ] GC(2) Concurrent Preclean
[2023-01-27T13:30:22.405-0300][gc,marking  ] GC(2) Concurrent Preclean 0.012ms
[2023-01-27T13:30:22.405-0300][gc,start    ] GC(2) Pause Remark
[2023-01-27T13:30:22.406-0300][gc          ] GC(2) Pause Remark 9M->9M(1024M) 0.973ms
[2023-01-27T13:30:22.406-0300][gc,cpu      ] GC(2) User=0.00s Sys=0.00s Real=0.00s
[2023-01-27T13:30:22.406-0300][gc,marking  ] GC(2) Concurrent Mark 2.000ms
[2023-01-27T13:30:22.406-0300][gc,marking  ] GC(2) Concurrent Rebuild Remembered Sets
[2023-01-27T13:30:22.408-0300][gc,marking  ] GC(2) Concurrent Rebuild Remembered Sets 1.336ms
[2023-01-27T13:30:22.408-0300][gc,start    ] GC(2) Pause Cleanup
[2023-01-27T13:30:22.408-0300][gc          ] GC(2) Pause Cleanup 9M->9M(1024M) 0.099ms
[2023-01-27T13:30:22.408-0300][gc,cpu      ] GC(2) User=0.00s Sys=0.00s Real=0.00s
[2023-01-27T13:30:22.408-0300][gc,marking  ] GC(2) Concurrent Cleanup for Next Mark
[2023-01-27T13:30:22.410-0300][gc,marking  ] GC(2) Concurrent Cleanup for Next Mark 1.664ms
[2023-01-27T13:30:22.410-0300][gc          ] GC(2) Concurrent Mark Cycle 6.569ms
[2023-01-27T13:30:22.755-0300][gc,start    ] GC(3) Pause Young (Normal) (G1 Evacuation Pause)
[2023-01-27T13:30:22.755-0300][gc,task     ] GC(3) Using 8 workers of 8 for evacuation
[2023-01-27T13:30:22.758-0300][gc,phases   ] GC(3)   Pre Evacuate Collection Set: 0.1ms
[2023-01-27T13:30:22.758-0300][gc,phases   ] GC(3)   Merge Heap Roots: 0.0ms
[2023-01-27T13:30:22.758-0300][gc,phases   ] GC(3)   Evacuate Collection Set: 2.4ms
[2023-01-27T13:30:22.758-0300][gc,phases   ] GC(3)   Post Evacuate Collection Set: 0.2ms
[2023-01-27T13:30:22.758-0300][gc,phases   ] GC(3)   Other: 0.1ms
[2023-01-27T13:30:22.758-0300][gc,heap     ] GC(3) Eden regions: 49->0(45)
[2023-01-27T13:30:22.758-0300][gc,heap     ] GC(3) Survivor regions: 2->6(7)
[2023-01-27T13:30:22.758-0300][gc,heap     ] GC(3) Old regions: 8->8
[2023-01-27T13:30:22.758-0300][gc,heap     ] GC(3) Archive regions: 2->2
[2023-01-27T13:30:22.758-0300][gc,heap     ] GC(3) Humongous regions: 129->129
[2023-01-27T13:30:22.758-0300][gc,metaspace] GC(3) Metaspace: 31208K(31424K)->31208K(31424K) NonClass: 27641K(27776K)->27641K(27776K) Class: 3567K(3648K)->3567K(3648K)
[2023-01-27T13:30:22.758-0300][gc          ] GC(3) Pause Young (Normal) (G1 Evacuation Pause) 187M->142M(1024M) 2.909ms
[2023-01-27T13:30:22.758-0300][gc,cpu      ] GC(3) User=0.01s Sys=0.00s Real=0.00s
[2023-01-27T13:30:22.837-0300][gc,start    ] GC(4) Pause Young (Concurrent Start) (Metadata GC Threshold)
[2023-01-27T13:30:22.839-0300][gc,task     ] GC(4) Using 8 workers of 8 for evacuation
[2023-01-27T13:30:22.842-0300][gc,phases   ] GC(4)   Pre Evacuate Collection Set: 0.1ms
[2023-01-27T13:30:22.842-0300][gc,phases   ] GC(4)   Merge Heap Roots: 0.1ms
[2023-01-27T13:30:22.842-0300][gc,phases   ] GC(4)   Evacuate Collection Set: 1.9ms
[2023-01-27T13:30:22.842-0300][gc,phases   ] GC(4)   Post Evacuate Collection Set: 0.2ms
[2023-01-27T13:30:22.842-0300][gc,phases   ] GC(4)   Other: 2.5ms
[2023-01-27T13:30:22.842-0300][gc,heap     ] GC(4) Eden regions: 21->0(49)
[2023-01-27T13:30:22.842-0300][gc,heap     ] GC(4) Survivor regions: 6->2(7)
[2023-01-27T13:30:22.842-0300][gc,heap     ] GC(4) Old regions: 8->13
[2023-01-27T13:30:22.842-0300][gc,heap     ] GC(4) Archive regions: 2->2
[2023-01-27T13:30:22.842-0300][gc,heap     ] GC(4) Humongous regions: 129->129
[2023-01-27T13:30:22.842-0300][gc,metaspace] GC(4) Metaspace: 35784K(36096K)->35784K(36096K) NonClass: 31654K(31808K)->31654K(31808K) Class: 4129K(4288K)->4129K(4288K)
[2023-01-27T13:30:22.842-0300][gc          ] GC(4) Pause Young (Concurrent Start) (Metadata GC Threshold) 162M->144M(1024M) 4.806ms
[2023-01-27T13:30:22.842-0300][gc,cpu      ] GC(4) User=0.01s Sys=0.00s Real=0.01s
[2023-01-27T13:30:22.842-0300][gc          ] GC(5) Concurrent Mark Cycle
[2023-01-27T13:30:22.842-0300][gc,marking  ] GC(5) Concurrent Clear Claimed Marks
[2023-01-27T13:30:22.842-0300][gc,marking  ] GC(5) Concurrent Clear Claimed Marks 0.013ms
[2023-01-27T13:30:22.842-0300][gc,marking  ] GC(5) Concurrent Scan Root Regions
[2023-01-27T13:30:22.843-0300][gc,marking  ] GC(5) Concurrent Scan Root Regions 1.494ms
[2023-01-27T13:30:22.843-0300][gc,marking  ] GC(5) Concurrent Mark
[2023-01-27T13:30:22.843-0300][gc,marking  ] GC(5) Concurrent Mark From Roots
[2023-01-27T13:30:22.843-0300][gc,task     ] GC(5) Using 2 workers of 2 for marking
[2023-01-27T13:30:22.847-0300][gc,marking  ] GC(5) Concurrent Mark From Roots 3.241ms
[2023-01-27T13:30:22.847-0300][gc,marking  ] GC(5) Concurrent Preclean
[2023-01-27T13:30:22.847-0300][gc,marking  ] GC(5) Concurrent Preclean 0.039ms
[2023-01-27T13:30:22.847-0300][gc,start    ] GC(5) Pause Remark
[2023-01-27T13:30:22.848-0300][gc          ] GC(5) Pause Remark 145M->145M(1024M) 0.909ms
[2023-01-27T13:30:22.848-0300][gc,cpu      ] GC(5) User=0.00s Sys=0.00s Real=0.00s
[2023-01-27T13:30:22.848-0300][gc,marking  ] GC(5) Concurrent Mark 4.381ms
[2023-01-27T13:30:22.848-0300][gc,marking  ] GC(5) Concurrent Rebuild Remembered Sets
[2023-01-27T13:30:22.850-0300][gc,marking  ] GC(5) Concurrent Rebuild Remembered Sets 2.698ms
[2023-01-27T13:30:22.851-0300][gc,start    ] GC(5) Pause Cleanup
[2023-01-27T13:30:22.851-0300][gc          ] GC(5) Pause Cleanup 145M->145M(1024M) 0.088ms
[2023-01-27T13:30:22.851-0300][gc,cpu      ] GC(5) User=0.00s Sys=0.00s Real=0.00s
[2023-01-27T13:30:22.851-0300][gc,marking  ] GC(5) Concurrent Cleanup for Next Mark
[2023-01-27T13:30:22.852-0300][gc,marking  ] GC(5) Concurrent Cleanup for Next Mark 1.757ms
[2023-01-27T13:30:22.852-0300][gc          ] GC(5) Concurrent Mark Cycle 10.650ms
[2023-01-27T13:35:46.886-0300][gc,start    ] GC(6) Pause Young (Prepare Mixed) (G1 Evacuation Pause)
[2023-01-27T13:35:46.888-0300][gc,task     ] GC(6) Using 8 workers of 8 for evacuation
[2023-01-27T13:35:46.906-0300][gc,phases   ] GC(6)   Pre Evacuate Collection Set: 0.4ms
[2023-01-27T13:35:46.906-0300][gc,phases   ] GC(6)   Merge Heap Roots: 0.2ms
[2023-01-27T13:35:46.906-0300][gc,phases   ] GC(6)   Evacuate Collection Set: 17.7ms
[2023-01-27T13:35:46.906-0300][gc,phases   ] GC(6)   Post Evacuate Collection Set: 0.4ms
[2023-01-27T13:35:46.906-0300][gc,phases   ] GC(6)   Other: 1.3ms
[2023-01-27T13:35:46.906-0300][gc,heap     ] GC(6) Eden regions: 49->0(47)
[2023-01-27T13:35:46.906-0300][gc,heap     ] GC(6) Survivor regions: 2->4(7)
[2023-01-27T13:35:46.906-0300][gc,heap     ] GC(6) Old regions: 13->13
[2023-01-27T13:35:46.906-0300][gc,heap     ] GC(6) Archive regions: 2->2
[2023-01-27T13:35:46.906-0300][gc,heap     ] GC(6) Humongous regions: 135->129
[2023-01-27T13:35:46.906-0300][gc,metaspace] GC(6) Metaspace: 39746K(40320K)->39746K(40320K) NonClass: 35072K(35392K)->35072K(35392K) Class: 4673K(4928K)->4673K(4928K)
[2023-01-27T13:35:46.906-0300][gc          ] GC(6) Pause Young (Prepare Mixed) (G1 Evacuation Pause) 199M->145M(1024M) 19.986ms
[2023-01-27T13:35:46.906-0300][gc,cpu      ] GC(6) User=0.02s Sys=0.00s Real=0.02s
[2023-01-27T13:37:15.112-0300][gc,start    ] GC(7) Pause Young (Mixed) (G1 Evacuation Pause)
[2023-01-27T13:37:15.113-0300][gc,task     ] GC(7) Using 8 workers of 8 for evacuation
[2023-01-27T13:37:15.133-0300][gc,phases   ] GC(7)   Pre Evacuate Collection Set: 0.5ms
[2023-01-27T13:37:15.133-0300][gc,phases   ] GC(7)   Merge Heap Roots: 0.1ms
[2023-01-27T13:37:15.133-0300][gc,phases   ] GC(7)   Evacuate Collection Set: 18.2ms
[2023-01-27T13:37:15.133-0300][gc,phases   ] GC(7)   Post Evacuate Collection Set: 0.6ms
[2023-01-27T13:37:15.133-0300][gc,phases   ] GC(7)   Other: 1.3ms
[2023-01-27T13:37:15.133-0300][gc,heap     ] GC(7) Eden regions: 47->0(47)
[2023-01-27T13:37:15.133-0300][gc,heap     ] GC(7) Survivor regions: 4->4(7)
[2023-01-27T13:37:15.133-0300][gc,heap     ] GC(7) Old regions: 13->13
[2023-01-27T13:37:15.133-0300][gc,heap     ] GC(7) Archive regions: 2->2
[2023-01-27T13:37:15.133-0300][gc,heap     ] GC(7) Humongous regions: 129->129
[2023-01-27T13:37:15.133-0300][gc,metaspace] GC(7) Metaspace: 39881K(40384K)->39881K(40384K) NonClass: 35207K(35456K)->35207K(35456K) Class: 4674K(4928K)->4674K(4928K)
[2023-01-27T13:37:15.133-0300][gc          ] GC(7) Pause Young (Mixed) (G1 Evacuation Pause) 192M->145M(1024M) 20.963ms
[2023-01-27T13:37:15.133-0300][gc,cpu      ] GC(7) User=0.03s Sys=0.01s Real=0.02s
[2023-01-27T13:40:40.349-0300][gc,start    ] GC(8) Pause Young (Normal) (G1 Evacuation Pause)
[2023-01-27T13:40:40.350-0300][gc,task     ] GC(8) Using 8 workers of 8 for evacuation
[2023-01-27T13:40:40.353-0300][gc,phases   ] GC(8)   Pre Evacuate Collection Set: 0.2ms
[2023-01-27T13:40:40.353-0300][gc,phases   ] GC(8)   Merge Heap Roots: 0.1ms
[2023-01-27T13:40:40.353-0300][gc,phases   ] GC(8)   Evacuate Collection Set: 2.3ms
[2023-01-27T13:40:40.353-0300][gc,phases   ] GC(8)   Post Evacuate Collection Set: 0.3ms
[2023-01-27T13:40:40.353-0300][gc,phases   ] GC(8)   Other: 1.1ms
[2023-01-27T13:40:40.353-0300][gc,heap     ] GC(8) Eden regions: 47->0(52)
[2023-01-27T13:40:40.353-0300][gc,heap     ] GC(8) Survivor regions: 4->4(7)
[2023-01-27T13:40:40.353-0300][gc,heap     ] GC(8) Old regions: 13->13
[2023-01-27T13:40:40.353-0300][gc,heap     ] GC(8) Archive regions: 2->2
[2023-01-27T13:40:40.353-0300][gc,heap     ] GC(8) Humongous regions: 129->129
[2023-01-27T13:40:40.353-0300][gc,metaspace] GC(8) Metaspace: 39964K(40448K)->39964K(40448K) NonClass: 35270K(35520K)->35270K(35520K) Class: 4694K(4928K)->4694K(4928K)
[2023-01-27T13:40:40.353-0300][gc          ] GC(8) Pause Young (Normal) (G1 Evacuation Pause) 192M->146M(1024M) 4.133ms
[2023-01-27T13:40:40.353-0300][gc,cpu      ] GC(8) User=0.01s Sys=0.00s Real=0.01s
[2023-01-27T14:18:08.138-0300][gc,start    ] GC(9) Pause Young (Normal) (G1 Evacuation Pause)
[2023-01-27T14:18:08.139-0300][gc,task     ] GC(9) Using 8 workers of 8 for evacuation
[2023-01-27T14:18:08.155-0300][gc,phases   ] GC(9)   Pre Evacuate Collection Set: 0.4ms
[2023-01-27T14:18:08.155-0300][gc,phases   ] GC(9)   Merge Heap Roots: 0.2ms
[2023-01-27T14:18:08.155-0300][gc,phases   ] GC(9)   Evacuate Collection Set: 14.0ms
[2023-01-27T14:18:08.155-0300][gc,phases   ] GC(9)   Post Evacuate Collection Set: 0.5ms
[2023-01-27T14:18:08.155-0300][gc,phases   ] GC(9)   Other: 1.9ms
[2023-01-27T14:18:08.155-0300][gc,heap     ] GC(9) Eden regions: 52->0(120)
[2023-01-27T14:18:08.155-0300][gc,heap     ] GC(9) Survivor regions: 4->4(7)
[2023-01-27T14:18:08.155-0300][gc,heap     ] GC(9) Old regions: 13->13
[2023-01-27T14:18:08.155-0300][gc,heap     ] GC(9) Archive regions: 2->2
[2023-01-27T14:18:08.155-0300][gc,heap     ] GC(9) Humongous regions: 129->129
[2023-01-27T14:18:08.155-0300][gc,metaspace] GC(9) Metaspace: 40167K(40640K)->40167K(40640K) NonClass: 35473K(35712K)->35473K(35712K) Class: 4694K(4928K)->4694K(4928K)
[2023-01-27T14:18:08.155-0300][gc          ] GC(9) Pause Young (Normal) (G1 Evacuation Pause) 198M->146M(1024M) 17.065ms
[2023-01-27T14:18:08.155-0300][gc,cpu      ] GC(9) User=0.03s Sys=0.01s Real=0.02s
[2023-01-27T15:55:53.467-0300][gc,start    ] GC(10) Pause Young (Normal) (G1 Evacuation Pause)
[2023-01-27T15:55:53.468-0300][gc,task     ] GC(10) Using 8 workers of 8 for evacuation
[2023-01-27T15:55:53.483-0300][gc,phases   ] GC(10)   Pre Evacuate Collection Set: 0.7ms
[2023-01-27T15:55:53.484-0300][gc,phases   ] GC(10)   Merge Heap Roots: 0.2ms
[2023-01-27T15:55:53.484-0300][gc,phases   ] GC(10)   Evacuate Collection Set: 13.4ms
[2023-01-27T15:55:53.484-0300][gc,phases   ] GC(10)   Post Evacuate Collection Set: 1.0ms
[2023-01-27T15:55:53.484-0300][gc,phases   ] GC(10)   Other: 1.6ms
[2023-01-27T15:55:53.484-0300][gc,heap     ] GC(10) Eden regions: 120->0(451)
[2023-01-27T15:55:53.484-0300][gc,heap     ] GC(10) Survivor regions: 4->4(16)
[2023-01-27T15:55:53.484-0300][gc,heap     ] GC(10) Old regions: 13->13
[2023-01-27T15:55:53.484-0300][gc,heap     ] GC(10) Archive regions: 2->2
[2023-01-27T15:55:53.484-0300][gc,heap     ] GC(10) Humongous regions: 129->129
[2023-01-27T15:55:53.484-0300][gc,metaspace] GC(10) Metaspace: 40290K(40832K)->40290K(40832K) NonClass: 35592K(35904K)->35592K(35904K) Class: 4697K(4928K)->4697K(4928K)
[2023-01-27T15:55:53.484-0300][gc          ] GC(10) Pause Young (Normal) (G1 Evacuation Pause) 266M->145M(1024M) 17.064ms
[2023-01-27T15:55:53.484-0300][gc,cpu      ] GC(10) User=0.03s Sys=0.01s Real=0.02s
[2023-01-27T17:03:45.955-0300][gc,heap,exit] Heap
[2023-01-27T17:03:45.956-0300][gc,heap,exit]  garbage-first heap   total 1048576K, used 328288K [0x00000007c0000000, 0x0000000800000000)
[2023-01-27T17:03:45.956-0300][gc,heap,exit]   region size 1024K, 179 young (183296K), 4 survivors (4096K)
[2023-01-27T17:03:45.956-0300][gc,heap,exit]  Metaspace       used 40917K, committed 41472K, reserved 1089536K
[2023-01-27T17:03:45.956-0300][gc,heap,exit]   class space    used 4852K, committed 5120K, reserved 1048576K
